// Jest Snapshot v1, https://goo.gl/fbAQLP

exports[`RenderPosts renders the page unchanged 1`] = `
<div>
  <div
    class="container"
  >
    <div
      class="mainContent"
    >
      <div
        class="post"
      >
        <div
          class="postDate"
        >
          2021-11-06
        </div>
        <div
          class="postTags"
        >
          <a
            href="/blog/tag/Diary"
          >
            Diary
          </a>
        </div>
        <h3
          class="postTitle"
        >
          <a
            href="/blog/ihatov"
          >
            „ÅÇ„ÅÆ„Ç§„Éº„Éè„Éà„Éº„É¥„Ç©„ÅÆ„Åô„Åç„Å®„Åä„Å£„ÅüÈ¢®
          </a>
        </h3>
        üë§
        <span
          style="padding: 0px 0px 0px 10px;"
        >
          „Å∏„Çç„Åª„Çç
        </span>
        <div
          class="postExcerpt"
        >
          <p>
            „ÅÇ„ÅÆ„Ç§„Éº„Éè„Éà„Éº„É¥„Ç©„ÅÆ„Åô„Åç„Å®„Åä„Å£„ÅüÈ¢®„ÄÅÂ§è„Åß„ÇÇÂ∫ï„Å´ÂÜ∑„Åü„Åï„Çí„ÇÇ„Å§Èùí„ÅÑ„Åù„Çâ„ÄÅ„ÅÜ„Å§„Åè„Åó„ÅÑÊ£Æ„ÅßÈ£æ„Çâ„Çå„Åü„É¢„É™„Éº„Ç™Â∏Ç„ÄÅÈÉäÂ§ñ„ÅÆ„Åé„Çâ„Åé„Çâ„Å≤„Åã„ÇãËçâ„ÅÆÊ≥¢„ÄÇ
          </p>
        </div>
        <div
          class="readMoreLink"
        >
          <div
            class="box"
          >
            <span>
              <a
                class="readMore"
                href="/blog/ihatov"
              >
                Read more
              </a>
            </span>
          </div>
        </div>
      </div>
      <div
        class="post"
      >
        <div
          class="postDate"
        >
          2021-11-03
        </div>
        <div
          class="postTags"
        >
          <a
            href="/blog/tag/Diary"
          >
            Diary
          </a>
        </div>
        <h3
          class="postTitle"
        >
          <a
            href="/blog/supported-blocks"
          >
            Supported blocks
          </a>
        </h3>
        üë§
        <span
          style="padding: 0px 0px 0px 10px;"
        >
          „Å∏„Çç„Åª„Çç
        </span>
        <div
          class="postExcerpt"
        >
          <p>
            Supported blocks in easy-notion-blog
          </p>
        </div>
        <div
          class="readMoreLink"
        >
          <div
            class="box"
          >
            <span>
              <a
                class="readMore"
                href="/blog/supported-blocks"
              >
                Read more
              </a>
            </span>
          </div>
        </div>
      </div>
      <div
        class="post"
      >
        <div
          class="postDate"
        >
          2021-11-01
        </div>
        <div
          class="postTags"
        >
          <a
            href="/blog/tag/Diary"
          >
            Diary
          </a>
        </div>
        <h3
          class="postTitle"
        >
          <a
            href="/blog/my-first-post"
          >
            My 1st post
          </a>
        </h3>
        üë§
        <span
          style="padding: 0px 0px 0px 10px;"
        >
          „Å∏„Çç„Åª„Çç
        </span>
        <div
          class="postExcerpt"
        >
          <p>
            This is an excerpt.
          </p>
        </div>
        <div
          class="readMoreLink"
        >
          <div
            class="box"
          >
            <span>
              <a
                class="readMore"
                href="/blog/my-first-post"
              >
                Read more
              </a>
            </span>
          </div>
        </div>
      </div>
      <footer>
        <div
          class="nextPageLink"
        >
          <a
            href="/blog/before/2021-11-01"
          >
            Find more articles Ôºû
          </a>
        </div>
      </footer>
    </div>
    <div
      class="subContent"
    >
      <div
        class="twitterTimeline"
      >
        <h3>
          Twitter
        </h3>
        <hr />
        <a
          class="twitter-timeline"
          data-chrome="nofooter,transparent,noheader,noborders"
          data-height="500"
          data-lang="en"
          data-theme="dark"
          data-width="100%"
          href="https://twitter.com/mineral_30?ref_src=twsrc%5Etfw"
        >
          Tweets by mineral_30 \\ Follow me /
        </a>
         
        <script
          async=""
          src="https://platform.twitter.com/widgets.js"
        />
      </div>
      <div
        class="blogPostLink"
      >
        <h3>
          Recommended
        </h3>
        <ul>
          <li>
            <a
              href="/blog/ihatov"
            >
              „ÅÇ„ÅÆ„Ç§„Éº„Éè„Éà„Éº„É¥„Ç©„ÅÆ„Åô„Åç„Å®„Åä„Å£„ÅüÈ¢®
            </a>
          </li>
          <li>
            <a
              href="/blog/supported-blocks"
            >
              Supported blocks
            </a>
          </li>
          <li>
            <a
              href="/blog/my-first-post"
            >
              My 1st post
            </a>
          </li>
        </ul>
      </div>
      <div
        class="blogTagLink"
      >
        <h3>
          Categories
        </h3>
        <ul>
          <li>
            <a
              href="/blog/tag/Diary"
            >
              Diary
            </a>
          </li>
        </ul>
      </div>
    </div>
  </div>
</div>
`;
